[debug] [2026-08-16T14:54:31.677Z] ----------------------------------------------------------------------
[debug] [2026-08-16T14:54:31.680Z] Command:       C:\Program Files\nodejs\node.exe C:\Users\Nazrul Ansari\AppData\Roaming\npm\node_modules\firebase-tools\lib\bin\firebase.js projects:list
[debug] [2026-08-16T14:54:31.681Z] CLI Version:   14.12.0
[debug] [2026-08-16T14:54:31.681Z] Platform:      win32
[debug] [2026-08-16T14:54:31.682Z] Node Version:  v22.14.0
[debug] [2026-08-16T14:54:31.683Z] Time:          Sun Aug 16 2026 20:24:31 GMT+0530 (India Standard Time)
[debug] [2026-08-16T14:54:31.683Z] ----------------------------------------------------------------------
[debug] 
[debug] [2026-08-16T14:54:31.688Z] >>> [apiv2][query] GET https://firebase-public.firebaseio.com/cli.json [none]
[debug] [2026-08-16T14:54:31.757Z] > command requires scopes: ["email","openid","https://www.googleapis.com/auth/cloudplatformprojects.readonly","https://www.googleapis.com/auth/firebase","https://www.googleapis.com/auth/cloud-platform"]
[debug] [2026-08-16T14:54:31.758Z] > authorizing via signed-in user (nazsats@gmail.com)
[debug] [2026-08-16T14:54:31.763Z] Checked if tokens are valid: false, expires at: 1755097504623
[debug] [2026-08-16T14:54:31.764Z] Checked if tokens are valid: false, expires at: 1755097504623
[debug] [2026-08-16T14:54:31.764Z] > refreshing access token with scopes: []
[debug] [2026-08-16T14:54:31.766Z] >>> [apiv2][query] POST https://www.googleapis.com/oauth2/v3/token [none]
[debug] [2026-08-16T14:54:31.767Z] >>> [apiv2][body] POST https://www.googleapis.com/oauth2/v3/token [omitted]
[debug] [2026-08-16T14:54:31.900Z] <<< [apiv2][status] POST https://www.googleapis.com/oauth2/v3/token 400
[debug] [2026-08-16T14:54:31.901Z] <<< [apiv2][body] POST https://www.googleapis.com/oauth2/v3/token [omitted]
[debug] [2026-08-16T14:54:31.901Z] >>> [apiv2][query] GET https://firebase.googleapis.com/v1beta1/projects pageSize=1000
[debug] [2026-08-16T14:54:32.343Z] <<< [apiv2][status] GET https://firebase-public.firebaseio.com/cli.json 200
[debug] [2026-08-16T14:54:32.343Z] <<< [apiv2][body] GET https://firebase-public.firebaseio.com/cli.json {"cloudBuildErrorAfter":1594252800000,"cloudBuildWarnAfter":1590019200000,"defaultNode10After":1594252800000,"minVersion":"3.0.5","node8DeploysDisabledAfter":1613390400000,"node8RuntimeDisabledAfter":1615809600000,"node8WarnAfter":1600128000000}
[debug] [2026-08-16T14:54:32.358Z] <<< [apiv2][status] GET https://firebase.googleapis.com/v1beta1/projects 401
[debug] [2026-08-16T14:54:32.358Z] <<< [apiv2][body] GET https://firebase.googleapis.com/v1beta1/projects [omitted]
[debug] [2026-08-16T14:54:32.358Z] Got a 401 Unauthenticated error for a call that required authentication. Refreshing tokens.
[debug] [2026-08-16T14:54:32.359Z] Checked if tokens are valid: false, expires at: 1755097504623
[debug] [2026-08-16T14:54:32.359Z] Checked if tokens are valid: false, expires at: 1755097504623
[debug] [2026-08-16T14:54:32.359Z] > refreshing access token with scopes: []
[debug] [2026-08-16T14:54:32.359Z] >>> [apiv2][query] POST https://www.googleapis.com/oauth2/v3/token [none]
[debug] [2026-08-16T14:54:32.359Z] >>> [apiv2][body] POST https://www.googleapis.com/oauth2/v3/token [omitted]
[debug] [2026-08-16T14:54:32.445Z] <<< [apiv2][status] POST https://www.googleapis.com/oauth2/v3/token 400
[debug] [2026-08-16T14:54:32.445Z] <<< [apiv2][body] POST https://www.googleapis.com/oauth2/v3/token [omitted]
[debug] [2026-08-16T14:54:32.446Z] Request to https://firebase.googleapis.com/v1beta1/projects?pageSize=1000 had HTTP Error: 401, Request had invalid authentication credentials. Expected OAuth 2 access token, login cookie or other valid authentication credential. See https://developers.google.com/identity/sign-in/web/devconsole-project.
[debug] [2026-08-16T14:54:32.585Z] FirebaseError: Request to https://firebase.googleapis.com/v1beta1/projects?pageSize=1000 had HTTP Error: 401, Request had invalid authentication credentials. Expected OAuth 2 access token, login cookie or other valid authentication credential. See https://developers.google.com/identity/sign-in/web/devconsole-project.
    at responseToError (C:\Users\Nazrul Ansari\AppData\Roaming\npm\node_modules\firebase-tools\lib\responseToError.js:52:12)
    at RetryOperation._fn (C:\Users\Nazrul Ansari\AppData\Roaming\npm\node_modules\firebase-tools\lib\apiv2.js:312:77)
    at process.processTicksAndRejections (node:internal/process/task_queues:105:5)
[error] 
[error] Error: Failed to list Firebase projects. See firebase-debug.log for more info.
